AutomationCode/TestCases$509.class
AutomationCode/CommonANDROID$37.class
AutomationCode/CommonIOS$39.class
AutomationCode/TestCases$322.class
AutomationCode/TestCases$297.class
AutomationCode/Meter$4.class
AutomationCode/TestCases$440.class
AutomationCode/TestCases$453.class
AutomationCode/Database.class
AutomationCode/CommonIOS$5.class
AutomationCode/CommonWeb$64.class
AutomationCode/TestCases$153.class
AutomationCode/CommonANDROID$11.class
AutomationCode/HttpConnections$4.class
AutomationCode/CommonWeb$56.class
AutomationCode/TestCases$271.class
AutomationCode/TestCases$335.class
AutomationCode/Meter$24.class
AutomationCode/TestCases$78.class
AutomationCode/TestCases$327.class
AutomationCode/TestCases$445.class
AutomationCode/HttpConnections$51.class
AutomationCode/TestCases$161.class
AutomationCode/TestCases$217.class
AutomationCode/CommonANDROID$91.class
AutomationCode/TestCases$209.class
AutomationCode/TestCases$52.class
AutomationCode/Meter$32.class
AutomationCode/CommonIOS$26.class
AutomationCode/Development$2.class
AutomationCode/TestCases$179.class
AutomationCode/TestCases$314.class
AutomationCode/CommonANDROID$100.class
AutomationCode/TestCases$550.class
AutomationCode/CommonIOS$80.class
AutomationCode/Meter$9.class
AutomationCode/TestCases$187.class
AutomationCode/CommonIOS$47.class
AutomationCode/TestCases$504.class
AutomationCode/Meter$58.class
AutomationCode/TestCases$301.class
AutomationCode/TestCases$330.class
AutomationCode/TestCases$31.class
AutomationCode/HttpConnections$9.class
AutomationCode/TestCases$158.class
AutomationCode/CommonANDROID$58.class
AutomationCode/TestCases$140.class
AutomationCode/Meter$11.class
AutomationCode/Meter$91.class
AutomationCode/Development$18.class
AutomationCode/TestCases$343.class
AutomationCode/HttpConnections$72.class
AutomationCode/TestCases$348.class
AutomationCode/TestCases$458.class
AutomationCode/Meter$29.class
AutomationCode/GlobalClass$1.class
AutomationCode/CommonIOS$93.class
AutomationCode/CommonIOS$13.class
AutomationCode/CommonANDROID$24.class
AutomationCode/TestCases$65.class
AutomationCode/CommonWeb$51.class
AutomationCode/HttpConnections$56.class
AutomationCode/TestCases$394.class
AutomationCode/TestCases$517.class
AutomationCode/Development$7.class
AutomationCode/TestCases$174.class
AutomationCode/CommonWeb$69.class
AutomationCode/Meter$45.class
AutomationCode/TestCases$204.class
AutomationCode/TestCases$487.class
AutomationCode/TestCases$284.class
AutomationCode/TestCases$182.class
AutomationCode/TestCases$512.class
AutomationCode/TestCases$319.class
AutomationCode/CommonIOS$42.class
AutomationCode/CommonIOS$72.class
AutomationCode/TestCases$99.class
AutomationCode/HttpConnections$13.class
AutomationCode/TestCases$369.class
AutomationCode/CommonWeb$22.class
AutomationCode/TestCases$424.class
AutomationCode/CommonANDROID$2.class
AutomationCode/HttpConnections$43.class
AutomationCode/TestCases$132.class
AutomationCode/CommonANDROID$53.class
AutomationCode/TestCases$102.class
AutomationCode/Meter$53.class
AutomationCode/EmailableReporter3.class
AutomationCode/TestCases$411.class
AutomationCode/CommonANDROID$83.class
AutomationCode/TestCases$19.class
AutomationCode/Meter$79.class
AutomationCode/TestCases$238.class
AutomationCode/Development$13.class
AutomationCode/TestCases$220.class
AutomationCode/CommonWeb$35.class
AutomationCode/CommonANDROID$40.class
AutomationCode/TestCases$381.class
AutomationCode/TestCases$263.class
AutomationCode/TestCases$491.class
AutomationCode/CommonIOS$98.class
AutomationCode/TestCases$23.class
AutomationCode/CommonWeb$72.class
AutomationCode/Meter$83.class
AutomationCode/CommonIOS$18.class
AutomationCode/TestCases$538.class
AutomationCode/TestCases$399.class
AutomationCode/Meter.class
AutomationCode/CommonANDROID$29.class
AutomationCode/TestCases$289.class
AutomationCode/TestCases$482.class
AutomationCode/TestCases$432.class
AutomationCode/TestCases$259.class
AutomationCode/TestCases$44.class
AutomationCode/CommonWeb$93.class
AutomationCode/TestCases$4.class
AutomationCode/TestCases$242.class
AutomationCode/TestCases$520.class
AutomationCode/TestCases$292.class
AutomationCode/PaymentSite$4.class
AutomationCode/CommonWeb$43.class
AutomationCode/CommonANDROID$62.class
AutomationCode/TestCases$479.class
AutomationCode/CommonANDROID$32.class
AutomationCode/TestCases$212.class
AutomationCode/CommonWeb$13.class
AutomationCode/CommonIOS$50.class
AutomationCode/HttpConnections$35.class
AutomationCode/TestCases$373.class
AutomationCode/CommonIOS$68.class
AutomationCode/TestCases$461.class
AutomationCode/TestCases$403.class
AutomationCode/CommonWeb$94.class
AutomationCode/CommonANDROID$61.class
AutomationCode/TestCases$241.class
AutomationCode/TestCases$73.class
AutomationCode/TestCases$5.class
AutomationCode/TestCases$351.class
AutomationCode/Development$21.class
AutomationCode/CommonWeb$14.class
AutomationCode/HttpConnections$64.class
AutomationCode/TestCases$542.class
AutomationCode/CommonANDROID$79.class
AutomationCode/CommonIOS$21.class
AutomationCode/TestCases$352.class
AutomationCode/TestCases$372.class
AutomationCode/TestCases$136.class
AutomationCode/CommonANDROID$87.class
AutomationCode/TestCases$365.class
AutomationCode/TestCases$470.class
AutomationCode/TestCases$410.class
AutomationCode/TestCases$483.class
AutomationCode/TestCases$398.class
AutomationCode/TestCases$526.class
AutomationCode/TestCases$15.class
AutomationCode/Meter$75.class
AutomationCode/TestCases$541.class
AutomationCode/EmailableReporter3$SuiteResult.class
AutomationCode/Meter$67.class
AutomationCode/TestCases$408.class
AutomationCode/TestCases$196.class
AutomationCode/HttpConnections$42.class
AutomationCode/CommonIOS$63.class
AutomationCode/Meter$15.class
AutomationCode/CommonWeb$39.class
AutomationCode/PaymentSite$3.class
AutomationCode/TestCases$254.class
AutomationCode/CommonANDROID$54.class
AutomationCode/Development$14.class
AutomationCode/CommonWeb$99.class
AutomationCode/CommonIOS$51.class
AutomationCode/CommonIOS$71.class
AutomationCode/TestCases$262.class
AutomationCode/TestCases$239.class
AutomationCode/Meter$74.class
AutomationCode/TestCases$360.class
AutomationCode/TestCases$475.class
AutomationCode/TestCases$14.class
AutomationCode/TestCases$534.class
AutomationCode/CommonWeb$47.class
AutomationCode/CommonANDROID$88.class
AutomationCode/TestCases$255.class
AutomationCode/TestCases$128.class
AutomationCode/HttpConnections$55.class
AutomationCode/Meter$61.class
AutomationCode/TestCases$521.class
AutomationCode/TestCases$190.class
AutomationCode/TestCases$423.class
AutomationCode/TestCases$191.class
AutomationCode/CommonANDROID$41.class
AutomationCode/TestCases$533.class
AutomationCode/Meter$10.class
AutomationCode/CommonIOS$48.class
AutomationCode/TestCases$48.class
AutomationCode/Meter$62.class
AutomationCode/CommonIOS$64.class
AutomationCode/HttpConnections$39.class
AutomationCode/TestCases$407.class
AutomationCode/TestCases$129.class
AutomationCode/Meter$66.class
AutomationCode/TestCases$467.class
AutomationCode/CommonWeb$55.class
AutomationCode/TestCases$349.class
AutomationCode/CommonWeb$98.class
AutomationCode/TestCases$49.class
AutomationCode/TestCases$306.class
AutomationCode/HttpConnections$50.class
AutomationCode/HttpConnections$60.class
AutomationCode/TestCases$56.class
AutomationCode/CommonIOS$55.class
AutomationCode/TestCases$250.class
AutomationCode/CommonWeb$52.class
AutomationCode/TestCases$195.class
AutomationCode/CommonIOS$12.class
AutomationCode/TestCases$356.class
AutomationCode/EmailableReporter2$MethodResult.class
AutomationCode/Meter$59.class
AutomationCode/CommonWeb$48.class
AutomationCode/TestCases$145.class
AutomationCode/TestCases$200.class
AutomationCode/TestCases$313.class
AutomationCode/Meter$16.class
AutomationCode/TestCases$188.class
AutomationCode/CommonANDROID$46.class
AutomationCode/CommonANDROID$38.class
AutomationCode/Meter$20.class
AutomationCode/TestCases$518.class
AutomationCode/TestCases$474.class
AutomationCode/TestCases$364.class
AutomationCode/TestCases$60.class
AutomationCode/EmailableReporter2$TestResult$1.class
AutomationCode/CommonANDROID$95.class
AutomationCode/TestCases$144.class
AutomationCode/TestCases$246.class
AutomationCode/TestCases$416.class
AutomationCode/TestCases$310.class
AutomationCode/HttpConnections$48.class
AutomationCode/TestCases$61.class
AutomationCode/CommonWeb$60.class
AutomationCode/TestCases$466.class
AutomationCode/CommonANDROID$45.class
AutomationCode/TestCases$298.class
AutomationCode/EmailableReporter2$1.class
AutomationCode/Meter$70.class
AutomationCode/TestCases$10.class
AutomationCode/TestCases$415.class
AutomationCode/HttpConnections$52.class
AutomationCode/CommonANDROID$96.class
AutomationCode/TestCases$305.class
AutomationCode/HttpConnections$47.class
AutomationCode/TestCases$525.class
AutomationCode/TestCases$137.class
AutomationCode/CommonANDROID$44.class
AutomationCode/CommonIOS$56.class
AutomationCode/TestCases$247.class
AutomationCode/TestCases$57.class
AutomationCode/TestCases$357.class
AutomationCode/TestCases$224.class
AutomationCode/TestCases$72.class
AutomationCode/CommonIOS$59.class
AutomationCode/TestCases$382.class
AutomationCode/TestCases$277.class
AutomationCode/Development$12.class
AutomationCode/CommonANDROID$97.class
AutomationCode/CommonANDROID$17.class
AutomationCode/HttpConnections$17.class
AutomationCode/TestCases$460.class
AutomationCode/TestCases$355.class
AutomationCode/EmailableReporter3$ClassResult.class
AutomationCode/TestCases$473.class
AutomationCode/CommonIOS.class
AutomationCode/CommonANDROID$31.class
AutomationCode/TestCases$291.class
AutomationCode/TestCases$503.class
AutomationCode/CommonANDROID$1.class
AutomationCode/TestCases$181.class
AutomationCode/TestCases$315.class
AutomationCode/TestCases$133.class
AutomationCode/TestCases$425.class
AutomationCode/TestCases$98.class
AutomationCode/TestCases$58.class
AutomationCode/HttpConnections$31.class
AutomationCode/CommonIOS$94.class
AutomationCode/CommonIOS$46.class
AutomationCode/Development$17.class
AutomationCode/CommonWeb$76.class
AutomationCode/CommonWeb$44.class
AutomationCode/TestCases$229.class
AutomationCode/Meter$52.class
AutomationCode/TestCases$199.class
AutomationCode/TestCases$119.class
AutomationCode/CommonANDROID$12.class
AutomationCode/TestCases$24.class
AutomationCode/TestCases$272.class
AutomationCode/TestCases$77.class
AutomationCode/Meter$84.class
AutomationCode/TestCases$465.class
AutomationCode/CommonWeb$57.class
AutomationCode/CommonWeb$23.class
AutomationCode/TestCases$499.class
AutomationCode/CommonWeb$90.class
AutomationCode/HttpConnections$38.class
AutomationCode/TestCases$245.class
AutomationCode/TestCases$203.class
AutomationCode/TestCases$446.class
AutomationCode/CommonANDROID$65.class
AutomationCode/PaymentSite$7.class
AutomationCode/TestCases$3.class
AutomationCode/TestCases$551.class
AutomationCode/Meter$57.class
AutomationCode/TestCases$441.class
AutomationCode/TestCases$8.class
AutomationCode/Meter$17.class
AutomationCode/TestCases$93.class
AutomationCode/CommonANDROID$36.class
AutomationCode/Gmail.class
AutomationCode/Development.class
AutomationCode/CommonWeb$97.class
AutomationCode/TestCases$296.class
AutomationCode/TestCases$256.class
AutomationCode/TestCases$146.class
AutomationCode/TestCases$186.class
AutomationCode/CommonIOS$99.class
AutomationCode/TestCases$302.class
AutomationCode/TestCases$412.class
AutomationCode/TestCases$492.class
AutomationCode/CommonIOS$41.class
AutomationCode/TestCases$339.class
AutomationCode/HttpConnections$63.class
AutomationCode/Meter$33.class
AutomationCode/HttpConnections$33.class
AutomationCode/TestCases$389.class
AutomationCode/TestCases$162.class
AutomationCode/TestCases$240.class
AutomationCode/CommonANDROID$63.class
AutomationCode/TestCases$208.class
AutomationCode/CommonIOS$75.class
AutomationCode/CommonWeb$42.class
AutomationCode/TestCases$6.class
AutomationCode/TestCases$96.class
AutomationCode/CommonIOS$22.class
AutomationCode/CommonWeb$95.class
AutomationCode/HttpConnections$10.class
AutomationCode/TestCases$293.class
AutomationCode/TestCases$270.class
AutomationCode/TestCases$258.class
AutomationCode/PaymentSite$2.class
AutomationCode/CommonANDROID$10.class
AutomationCode/CommonANDROID$60.class
AutomationCode/TestCases$243.class
AutomationCode/TestCases$43.class
AutomationCode/Meter$19.class
AutomationCode/TestCases$205.class
AutomationCode/CommonWeb$92.class
AutomationCode/CommonANDROID$86.class
AutomationCode/TestCases$535.class
AutomationCode/CommonWeb.class
AutomationCode/CommonWeb$2.class
AutomationCode/CommonANDROID$49.class
AutomationCode/TestCases$462.class
AutomationCode/Meter$31.class
AutomationCode/CommonWeb$20.class
AutomationCode/CommonIOS$97.class
AutomationCode/TestCases$380.class
AutomationCode/TestCases$537.class
AutomationCode/CommonIOS$44.class
AutomationCode/EmailableReporter3$TestResult.class
AutomationCode/TestCases$74.class
AutomationCode/Meter$54.class
AutomationCode/TestCases$449.class
AutomationCode/TestCases$160.class
AutomationCode/TestCases$21.class
AutomationCode/HttpConnections$12.class
AutomationCode/TestCases$350.class
AutomationCode/TestCases$300.class
AutomationCode/TestCases$148.class
AutomationCode/CommonIOS$20.class
AutomationCode/ImgurClient$1.class
AutomationCode/TestCases$318.class
AutomationCode/Meter$81.class
AutomationCode/HttpConnections$65.class
AutomationCode/TestCases$130.class
AutomationCode/TestCases$368.class
AutomationCode/CommonIOS$96.class
AutomationCode/Development$15.class
AutomationCode/TestCases$183.class
AutomationCode/CommonIOS$73.class
AutomationCode/TestCases$478.class
AutomationCode/CommonANDROID$33.class
AutomationCode/CommonWeb$100.class
AutomationCode/PaymentSite$5.class
AutomationCode/TestCases$508.class
AutomationCode/Meter$82.class
AutomationCode/CommonWeb$71.class
AutomationCode/TestCases$131.class
AutomationCode/TestCases$317.class
AutomationCode/TestCases$22.class
AutomationCode/HttpConnections$36.class
AutomationCode/TestCases$45.class
AutomationCode/TestCases$427.class
AutomationCode/CommonANDROID$84.class
AutomationCode/TestCases$149.class
AutomationCode/TestCases$169.class
AutomationCode/CommonIOS$29.class
AutomationCode/TestCases$116.class
AutomationCode/TestCases$332.class
AutomationCode/TestCases$539.class
AutomationCode/CommonANDROID$67.class
AutomationCode/TestCases$385.class
AutomationCode/TestCases$490.class
AutomationCode/Meter$7.class
AutomationCode/TestCases$443.class
AutomationCode/TestCases$506.class
AutomationCode/TestCases$448.class
AutomationCode/HttpConnections$34.class
AutomationCode/CommonIOS$43.class
AutomationCode/TestCases$428.class
AutomationCode/CommonWeb$9.class
AutomationCode/HttpConnections$14.class
AutomationCode/CommonIOS$23.class
AutomationCode/TestCases$95.class
AutomationCode/TestCases$75.class
AutomationCode/TestCases$500.class
AutomationCode/Meter$35.class
AutomationCode/CommonANDROID$4.class
AutomationCode/TestCases$27.class
AutomationCode/Meter$87.class
AutomationCode/CommonWeb$41.class
AutomationCode/TestCases$164.class
AutomationCode/CommonWeb$21.class
AutomationCode/CommonANDROID$14.class
AutomationCode/TestCases$274.class
AutomationCode/CommonWeb$79.class
AutomationCode/CommonIOS$91.class
AutomationCode/HttpConnections$15.class
AutomationCode/TestCases$442.class
AutomationCode/CommonIOS$24.class
AutomationCode/CommonIOS$77.class
AutomationCode/CommonWeb$3.class
AutomationCode/TestCases$279.class
AutomationCode/HttpConnections$68.class
AutomationCode/TestCases$222.class
AutomationCode/CommonWeb$73.class
AutomationCode/EmailableReporter2.class
AutomationCode/TestCases$226.class
AutomationCode/TestCases$429.class
AutomationCode/Meter$34.class
AutomationCode/CommonANDROID$82.class
AutomationCode/Development$30.class
AutomationCode/CommonANDROID$3.class
AutomationCode/TestCases$94.class
AutomationCode/TestCases$338.class
AutomationCode/CommonWeb$40.class
AutomationCode/TestCases$41.class
AutomationCode/TestCases$110.class
AutomationCode/Meter$2.class
AutomationCode/TestCases$163.class
AutomationCode/CommonWeb$74.class
AutomationCode/Meter$50.class
AutomationCode/CommonWeb$4.class
AutomationCode/CommonANDROID$13.class
AutomationCode/TestCases$117.class
AutomationCode/HttpConnections$67.class
AutomationCode/TestCases$331.class
AutomationCode/TestCases$221.class
AutomationCode/TestCases$227.class
AutomationCode/Meter$8.class
AutomationCode/TestCases$111.class
AutomationCode/Meter$1.class
AutomationCode/TestCases$505.class
AutomationCode/CommonANDROID$81.class
AutomationCode/TestCases$42.class
AutomationCode/Development$19.class
AutomationCode/CommonIOS$76.class
AutomationCode/TestCases$337.class
AutomationCode/CommonANDROID$9.class
AutomationCode/TestCases$447.class
AutomationCode/CommonANDROID$19.class
AutomationCode/TestCases$9.class
AutomationCode/CommonIOS$92.class
AutomationCode/TestCases$79.class
AutomationCode/TestCases$29.class
AutomationCode/TestCases$444.class
AutomationCode/CommonWeb$8.class
AutomationCode/TestCases$336.class
AutomationCode/TestCases$112.class
AutomationCode/SMS.class
AutomationCode/CommonWeb$28.class
AutomationCode/Meter$39.class
AutomationCode/Meter$89.class
AutomationCode/CommonWeb$78.class
AutomationCode/TestCases$26.class
AutomationCode/CommonANDROID$5.class
AutomationCode/HttpConnections$30.class
AutomationCode/TestCases$273.class
AutomationCode/TestCases$165.class
AutomationCode/CommonIOS$25.class
AutomationCode/Meter$86.class
AutomationCode/CommonWeb$75.class
AutomationCode/CommonWeb$25.class
AutomationCode/Meter$36.class
AutomationCode/CommonANDROID$80.class
AutomationCode/HttpConnections$69.class
AutomationCode/TestCases$278.class
AutomationCode/CommonANDROID$18.class
AutomationCode/TestCases$115.class
AutomationCode/CommonIOS$78.class
AutomationCode/CommonANDROID$66.class
AutomationCode/TestCases$223.class
AutomationCode/TestCases$168.class
AutomationCode/TestCases$225.class
AutomationCode/CommonANDROID$8.class
AutomationCode/TestCases$494.class
AutomationCode/CommonANDROID$69.class
AutomationCode/Development$31.class
AutomationCode/TestCases$40.class
AutomationCode/TestCases$384.class
AutomationCode/Meter$6.class
AutomationCode/Meter$3.class
AutomationCode/CommonWeb$5.class
AutomationCode/TestCases$497.class
AutomationCode/TestCases$387.class
AutomationCode/CommonIOS$90.class
AutomationCode/TestCases$334.class
AutomationCode/TestCases$90.class
AutomationCode/SOAP.class
AutomationCode/TestCases$495.class
AutomationCode/TestCases$167.class
AutomationCode/CommonWeb$27.class
AutomationCode/Meter$88.class
AutomationCode/Meter$38.class
AutomationCode/CommonANDROID$7.class
AutomationCode/TestCases$275.class
AutomationCode/HttpConnections$18.class
AutomationCode/CommonIOS$27.class
AutomationCode/CommonANDROID$15.class
AutomationCode/CommonANDROID$68.class
AutomationCode/TestCases$501.class
AutomationCode/CommonWeb$6.class
AutomationCode/TestCases$91.class
AutomationCode/TestCases$333.class
AutomationCode/TestCases$496.class
AutomationCode/TestCases$386.class
AutomationCode/Meter$5.class
AutomationCode/CommonANDROID$6.class
AutomationCode/GlobalClass.class
AutomationCode/Meter$37.class
AutomationCode/CommonWeb$26.class
AutomationCode/CommonIOS$28.class
AutomationCode/CommonANDROID$16.class
AutomationCode/TestCases$276.class
AutomationCode/TestCases$28.class
AutomationCode/TestCases$166.class
AutomationCode/CommonWeb$77.class
AutomationCode/CommonWeb$7.class
AutomationCode/CommonIOS$79.class
AutomationCode/TestCases$114.class
AutomationCode/TestCases$502.class
AutomationCode/HttpConnections$19.class
AutomationCode/PaymentSite$6.class
AutomationCode/TestCases$2.class
AutomationCode/TestCases$92.class
AutomationCode/TestCases$362.class
AutomationCode/CommonANDROID$77.class
AutomationCode/TestCases$549.class
AutomationCode/TestCases$126.class
AutomationCode/TestCases$375.class
AutomationCode/HttpConnections$37.class
AutomationCode/TestCases$480.class
AutomationCode/TestCases$493.class
AutomationCode/CommonWeb$1.class
AutomationCode/TestCases$388.class
AutomationCode/TestCases$536.class
AutomationCode/TestCases$413.class
AutomationCode/CommonANDROID$51.class
AutomationCode/TestCases$523.class
AutomationCode/CommonWeb$16.class
AutomationCode/TestCases$405.class
AutomationCode/TestCases$193.class
AutomationCode/TestCases$113.class
AutomationCode/TestCases$38.class
AutomationCode/CommonWeb$96.class
AutomationCode/Meter$72.class
AutomationCode/TestCases$12.class
AutomationCode/TestCases$231.class
AutomationCode/TestCases$121.class
AutomationCode/CommonIOS$74.class
AutomationCode/CommonWeb$24.class
AutomationCode/TestCases$257.class
AutomationCode/TestCases$7.class
AutomationCode/HttpConnections$11.class
AutomationCode/CommonIOS$66.class
AutomationCode/TestCases$367.class
AutomationCode/TestCases$139.class
AutomationCode/Meter$18.class
AutomationCode/Development$24.class
AutomationCode/TestCases$249.class
AutomationCode/CommonIOS$87.class
AutomationCode/TestCases$134.class
AutomationCode/PaymentSite$1.class
AutomationCode/TestCases$370.class
AutomationCode/TestCases$544.class
AutomationCode/CommonANDROID$98.class
AutomationCode/TestCases$498.class
AutomationCode/TestCases$118.class
AutomationCode/CommonIOS$40.class
AutomationCode/TestCases$71.class
AutomationCode/HttpConnections$45.class
AutomationCode/Meter$51.class
AutomationCode/TestCases$308.class
AutomationCode/TestCases$100.class
AutomationCode/TestCases$180.class
AutomationCode/TestCases$383.class
AutomationCode/Meter$85.class
AutomationCode/TestCases$528.class
AutomationCode/TestCases$198.class
AutomationCode/TestCases$105.class
AutomationCode/CommonWeb$11.class
AutomationCode/TestCases$25.class
AutomationCode/TestCases$418.class
AutomationCode/HttpConnections$16.class
AutomationCode/HttpConnections$32.class
AutomationCode/CommonIOS$53.class
AutomationCode/TestCases$400.class
AutomationCode/CommonWeb$29.class
AutomationCode/TestCases$510.class
AutomationCode/CommonWeb$91.class
AutomationCode/TestCases$354.class
AutomationCode/CommonANDROID$64.class
AutomationCode/TestCases$244.class
AutomationCode/CommonWeb$45.class
AutomationCode/TestCases$477.class
AutomationCode/TestCases$89.class
AutomationCode/TestCases$434.class
AutomationCode/Development$16.class
AutomationCode/Meter$69.class
AutomationCode/CommonWeb$58.class
AutomationCode/TestCases$346.class
AutomationCode/TestCases$185.class
AutomationCode/TestCases$316.class
AutomationCode/CommonWeb$88.class
AutomationCode/TestCases$155.class
AutomationCode/Meter$26.class
AutomationCode/CommonIOS$95.class
AutomationCode/TestCases$290.class
AutomationCode/CommonIOS$15.class
AutomationCode/TestCases$210.class
AutomationCode/CommonIOS$45.class
AutomationCode/HttpConnections$70.class
AutomationCode/TestCases$46.class
AutomationCode/HttpConnections$40.class
AutomationCode/TestCases$228.class
AutomationCode/TestCases$76.class
AutomationCode/Meter$56.class
AutomationCode/CommonANDROID$30.class
AutomationCode/TestCases$396.class
AutomationCode/Meter$80.class
AutomationCode/TestCases$286.class
AutomationCode/CommonANDROID$26.class
AutomationCode/TestCases$20.class
AutomationCode/HttpConnections$66.class
AutomationCode/TestCases$147.class
AutomationCode/TestCases$507.class
AutomationCode/TestCases$515.class
AutomationCode/HttpConnections$29.class
AutomationCode/Gmail$2.class
AutomationCode/CommonANDROID$85.class
AutomationCode/TestCases$97.class
AutomationCode/HttpConnections$58.class
AutomationCode/Development$4.class
AutomationCode/TestCases$177.class
AutomationCode/TestCases$485.class
AutomationCode/CommonIOS$7.class
AutomationCode/TestCases$206.class
AutomationCode/Meter$48.class
AutomationCode/CommonWeb$67.class
AutomationCode/CommonWeb$37.class
AutomationCode/TestCases$236.class
AutomationCode/TestCases$426.class
AutomationCode/TestCases$265.class
AutomationCode/TestCases$456.class
AutomationCode/CommonWeb$70.class
AutomationCode/CommonANDROID$56.class
AutomationCode/Meter$30.class
AutomationCode/CommonWeb$66.class
AutomationCode/Meter$77.class
AutomationCode/CommonIOS$8.class
AutomationCode/TestCases$68.class
AutomationCode/TestCases$50.class
AutomationCode/TestCases$455.class
AutomationCode/CommonANDROID$102.class
AutomationCode/TestCases$17.class
AutomationCode/TestCases$207.class
AutomationCode/CommonIOS$49.class
AutomationCode/TestCases$519.class
AutomationCode/CommonANDROID$47.class
AutomationCode/TestCases$62.class
AutomationCode/TestCases$430.class
AutomationCode/TestCases$463.class
AutomationCode/TestCases$358.class
AutomationCode/HttpConnections$54.class
AutomationCode/TestCases$468.class
AutomationCode/HttpConnections$62.class
AutomationCode/CommonIOS$11.class
AutomationCode/CommonANDROID$34.class
AutomationCode/TestCases$294.class
AutomationCode/CommonWeb$61.class
AutomationCode/TestCases$47.class
AutomationCode/TestCases$67.class
AutomationCode/TestCases$312.class
AutomationCode/EmailableReporter2$SuiteResult.class
AutomationCode/Meter$55.class
AutomationCode/TestCases$184.class
AutomationCode/TestCases$55.class
AutomationCode/EmailableReporter2$TestResult.class
AutomationCode/CommonANDROID$94.class
AutomationCode/TestCases$422.class
AutomationCode/CommonWeb$59.class
AutomationCode/Meter$21.class
AutomationCode/ImgurClient.class
AutomationCode/TestCases$527.class
AutomationCode/CommonANDROID$42.class
AutomationCode/TestCases$540.class
AutomationCode/TestCases$54.class
AutomationCode/TestCases$197.class
AutomationCode/TestCases$469.class
AutomationCode/Meter$68.class
AutomationCode/TestCases$320.class
AutomationCode/TestCases$295.class
AutomationCode/CommonIOS$70.class
AutomationCode/CommonANDROID$48.class
AutomationCode/CommonANDROID$35.class
AutomationCode/TestCases$150.class
AutomationCode/SentryHealth.class
AutomationCode/TestCases$353.class
AutomationCode/TestCases$371.class
AutomationCode/Meter$22.class
AutomationCode/CommonWeb$46.class
AutomationCode/TestCases$476.class
AutomationCode/TestCases$366.class
AutomationCode/TestCases$261.class
AutomationCode/TestCases$464.class
AutomationCode/TestCases$151.class
AutomationCode/TestCases$70.class
AutomationCode/Pivotal.class
AutomationCode/CommonANDROID$99.class
AutomationCode/HttpConnections$61.class
AutomationCode/TestCases$522.class
AutomationCode/CommonIOS$62.class
AutomationCode/TestCases$192.class
AutomationCode/TestCases$532.class
AutomationCode/HttpConnections$53.class
AutomationCode/TestCases$359.class
AutomationCode/TestCases$59.class
AutomationCode/CommonANDROID$93.class
AutomationCode/TestCases$142.class
AutomationCode/Meter$13.class
AutomationCode/TestCases$414.class
AutomationCode/CommonWeb$62.class
AutomationCode/Meter$73.class
AutomationCode/Meter$63.class
AutomationCode/TestCases$260.class
AutomationCode/CommonANDROID$43.class
AutomationCode/TestCases$248.class
AutomationCode/TestCases$135.class
AutomationCode/TestCases$303.class
AutomationCode/CommonANDROID$50.class
AutomationCode/TestCases$63.class
AutomationCode/TestCases$471.class
AutomationCode/TestCases$1.class
AutomationCode/TestCases$361.class
AutomationCode/CommonIOS$58.class
AutomationCode/TestCases$202.class
AutomationCode/Development$11.class
AutomationCode/HttpConnections$46.class
AutomationCode/HttpConnections$49.class
AutomationCode/CommonANDROID$89.class
AutomationCode/TestCases$417.class
AutomationCode/TestCases$304.class
AutomationCode/TestCases$530.class
AutomationCode/CommonIOS$57.class
AutomationCode/Meter$64.class
AutomationCode/CommonWeb$53.class
AutomationCode/TestCases$252.class
AutomationCode/TestCases$524.class
AutomationCode/TestCases$409.class
AutomationCode/TestCases$138.class
AutomationCode/CommonIOS$60.class
AutomationCode/CommonIOS$10.class
AutomationCode/Meter$71.class
AutomationCode/Development$10.class
AutomationCode/TestCases$11.class
AutomationCode/TestCases$363.class
AutomationCode/TestCases$253.class
AutomationCode/TestCases$531.class
AutomationCode/TestCases$143.class
AutomationCode/CommonWeb$54.class
AutomationCode/Meter$65.class
AutomationCode/TestCases$421.class
AutomationCode/Meter$14.class
AutomationCode/TestCases$311.class
AutomationCode/TestCases$201.class
AutomationCode/TestCases$299.class
AutomationCode/TestCases$472.class
AutomationCode/TestCases$189.class
AutomationCode/TestCases$194.class
AutomationCode/CommonWeb$49.class
AutomationCode/CommonANDROID$39.class
AutomationCode/CommonIOS$61.class
AutomationCode/TestCases$529.class
AutomationCode/TestCases$106.class
AutomationCode/CommonIOS$19.class
AutomationCode/TestCases$342.class
AutomationCode/TestCases$395.class
AutomationCode/CommonANDROID$57.class
AutomationCode/TestCases$420.class
AutomationCode/Gmail$1.class
AutomationCode/PaymentSite.class
AutomationCode/TestCases$516.class
AutomationCode/CommonWeb$84.class
AutomationCode/TestCases$173.class
AutomationCode/Meter$12.class
AutomationCode/TestCases$486.class
AutomationCode/TestCases$433.class
AutomationCode/Development$25.class
AutomationCode/CommonWeb$36.class
AutomationCode/CommonANDROID$101.class
AutomationCode/TestCases$543.class
AutomationCode/TestCases$251.class
AutomationCode/TestCases$18.class
AutomationCode/HttpConnections$57.class
AutomationCode/TestCases$141.class
AutomationCode/Meter$92.class
AutomationCode/TestCases$211.class
AutomationCode/TestCases.class
AutomationCode/TestCases$307.class
AutomationCode/TestCases$237.class
AutomationCode/CommonANDROID$71.class
AutomationCode/TestCases$347.class
AutomationCode/HttpConnections$71.class
AutomationCode/TestCases$101.class
AutomationCode/TestCases$32.class
AutomationCode/CommonIOS$86.class
AutomationCode/TestCases$159.class
AutomationCode/CommonIOS$14.class
AutomationCode/CommonWeb$10.class
AutomationCode/CommonIOS$54.class
AutomationCode/CommonWeb$63.class
AutomationCode/Development$1.class
AutomationCode/TestCases$216.class
AutomationCode/TestCases$232.class
AutomationCode/TestCases$459.class
AutomationCode/TestCases$64.class
AutomationCode/CommonANDROID$52.class
AutomationCode/CommonWeb$17.class
AutomationCode/TestCases$419.class
AutomationCode/Meter$44.class
AutomationCode/CommonANDROID$25.class
AutomationCode/TestCases$406.class
AutomationCode/Development$8.class
AutomationCode/TestCases$285.class
AutomationCode/CommonWeb$50.class
AutomationCode/TestCases$511.class
AutomationCode/HttpConnections$44.class
AutomationCode/CommonANDROID$76.class
AutomationCode/TestCases$53.class
AutomationCode/TestCases$481.class
AutomationCode/ListenersClass.class
AutomationCode/TestCases$13.class
AutomationCode/EmailableReporter2$ClassResult.class
AutomationCode/CommonANDROID$92.class
AutomationCode/TestCases$37.class
AutomationCode/CommonIOS$4.class
AutomationCode/TestCases$452.class
AutomationCode/CommonIOS$81.class
AutomationCode/Development$6.class
AutomationCode/TestCases$404.class
AutomationCode/CommonIOS$52.class
AutomationCode/TestCases$39.class
AutomationCode/TestCases$69.class
AutomationCode/Meter$23.class
AutomationCode/CommonWeb$12.class
AutomationCode/TestCases$152.class
AutomationCode/TestCases$309.class
AutomationCode/CommonIOS$65.class
AutomationCode/TestCases$66.class
AutomationCode/TestCases$175.class
AutomationCode/CommonWeb$38.class
AutomationCode/Meter$49.class
AutomationCode/Development$3.class
AutomationCode/TestCases$401.class
AutomationCode/CommonWeb$68.class
AutomationCode/CommonANDROID$90.class
AutomationCode/CommonWeb$15.class
AutomationCode/HttpConnections$20.class
AutomationCode/Meter$46.class
AutomationCode/Meter$76.class
AutomationCode/CommonWeb$65.class
AutomationCode/TestCases$323.class
AutomationCode/TestCases$16.class
AutomationCode/CommonIOS$6.class
AutomationCode/Meter$60.class
AutomationCode/Development$23.class
AutomationCode/TestCases$431.class
AutomationCode/CommonIOS$38.class
AutomationCode/TestCases$376.class
AutomationCode/TestCases$127.class
AutomationCode/TestCases$321.class
AutomationCode/TestCases$266.class
AutomationCode/TestCases$454.class
AutomationCode/CommonIOS$9.class
AutomationCode/TestCases$80.class
AutomationCode/TestCases$104.class
AutomationCode/TestCases$344.class
AutomationCode/TestCases$457.class
AutomationCode/TestCases$397.class
AutomationCode/TestCases$154.class
AutomationCode/TestCases$514.class
AutomationCode/CommonIOS$67.class
AutomationCode/Meter$78.class
AutomationCode/Gmail$3.class
AutomationCode/CommonIOS$17.class
AutomationCode/CommonANDROID$103.class
AutomationCode/Development$20.class
AutomationCode/CommonANDROID$78.class
AutomationCode/TestCases$213.class
AutomationCode/CommonANDROID$55.class
AutomationCode/TestCases$51.class
AutomationCode/TestCases$288.class
AutomationCode/TestCases$125.class
AutomationCode/APIClient.class
AutomationCode/TestCases$178.class
AutomationCode/TestCases$513.class
AutomationCode/CommonANDROID$28.class
AutomationCode/TestCases$235.class
AutomationCode/TestCases$484.class
AutomationCode/TestCases$345.class
AutomationCode/HttpConnections$41.class
AutomationCode/Meter$25.class
AutomationCode/TestCases$374.class
AutomationCode/TestCases$264.class
AutomationCode/CommonIOS$16.class
AutomationCode/CommonWeb$89.class
AutomationCode/HttpConnections$59.class
AutomationCode/TestCases$82.class
AutomationCode/EmailableReporter3$TestResult$1.class
AutomationCode/CommonIOS$69.class
AutomationCode/TestCases$267.class
AutomationCode/TestCases$287.class
AutomationCode/Development$22.class
AutomationCode/CommonANDROID$27.class
AutomationCode/TestCases$450.class
AutomationCode/HttpConnections$27.class
AutomationCode/TestCases$103.class
AutomationCode/CommonIOS$2.class
AutomationCode/Database$1.class
AutomationCode/TestCases$546.class
AutomationCode/Meter$95.class
AutomationCode/TestCases$378.class
AutomationCode/Development$5.class
AutomationCode/TestCases$35.class
AutomationCode/Meter$27.class
AutomationCode/Meter$47.class
AutomationCode/TestCases$488.class
AutomationCode/CommonWeb$87.class
AutomationCode/CommonIOS$83.class
AutomationCode/CommonWeb$81.class
AutomationCode/TestCases$176.class
AutomationCode/TestCases$156.class
AutomationCode/HttpConnections$7.class
AutomationCode/CommonANDROID$74.class
AutomationCode/TestCases$402.class
AutomationCode/TestCases$392.class
AutomationCode/CommonIOS$89.class
AutomationCode/CommonIOS$31.class
AutomationCode/CommonWeb$19.class
AutomationCode/TestCases$214.class
AutomationCode/TestCases$234.class
AutomationCode/CommonANDROID$75.class
AutomationCode/TestCases$377.class
AutomationCode/SOAP$1.class
AutomationCode/TestCases$124.class
AutomationCode/TestCases$324.class
AutomationCode/TestCases$87.class
AutomationCode/CommonANDROID.class
AutomationCode/Database$7.class
AutomationCode/TestCases$157.class
AutomationCode/Meter$28.class
AutomationCode/EmailableReporter3$MethodResult.class
AutomationCode/CommonIOS$3.class
AutomationCode/CommonWeb$33.class
AutomationCode/HttpConnections$22.class
AutomationCode/HttpConnections.class
AutomationCode/TestCases$436.class
AutomationCode/CommonIOS$37.class
AutomationCode/HttpConnections$28.class
AutomationCode/CommonIOS$30.class
AutomationCode/CommonWeb$80.class
AutomationCode/TestCases$81.class
AutomationCode/TestCases$393.class
AutomationCode/HttpConnections$1.class
AutomationCode/TestCases$88.class
AutomationCode/Database$6.class
AutomationCode/TestCases$233.class
AutomationCode/TestCases$215.class
AutomationCode/Meter$90.class
AutomationCode/CommonWeb$18.class
AutomationCode/TestCases$325.class
AutomationCode/TestCases$123.class
AutomationCode/CommonIOS$88.class
AutomationCode/TestCases$435.class
AutomationCode/HttpConnections$8.class
AutomationCode/CommonIOS$36.class
AutomationCode/HttpConnections$21.class
AutomationCode/CommonWeb$86.class
AutomationCode/TestCases$545.class
AutomationCode/TestCases$30.class
AutomationCode/HttpConnections$2.class
AutomationCode/CommonWeb$34.class
AutomationCode/CommonANDROID$59.class
AutomationCode/APIException.class
AutomationCode/TestCases$329.class
AutomationCode/HttpConnections$73.class
AutomationCode/Development$29.class
AutomationCode/CommonIOS$32.class
AutomationCode/CommonIOS$82.class
AutomationCode/HttpConnections$23.class
AutomationCode/TestCases$379.class
AutomationCode/TestCases$172.class
AutomationCode/Development$9.class
AutomationCode/Development$26.class
AutomationCode/HttpConnections$3.class
AutomationCode/CVS_reader.class
AutomationCode/TestCases$326.class
AutomationCode/TestCases$122.class
AutomationCode/TestCases$230.class
AutomationCode/Meter$43.class
AutomationCode/CommonWeb$32.class
AutomationCode/CommonANDROID$73.class
AutomationCode/TestCases$283.class
AutomationCode/TestCases$280.class
AutomationCode/HttpConnections$6.class
AutomationCode/CommonWeb$85.class
AutomationCode/TestCases$86.class
AutomationCode/CommonIOS$35.class
AutomationCode/CommonIOS$85.class
AutomationCode/TestCases$218.class
AutomationCode/TestCases$36.class
AutomationCode/TestCases$268.class
AutomationCode/CommonANDROID$70.class
AutomationCode/CommonANDROID$20.class
AutomationCode/Meter$40.class
AutomationCode/TestCases$451.class
AutomationCode/TestCases$107.class
AutomationCode/TestCases$341.class
AutomationCode/CommonANDROID$23.class
AutomationCode/HttpConnections$26.class
AutomationCode/TestCases$83.class
AutomationCode/Database$2.class
AutomationCode/TestCases$437.class
AutomationCode/Database$5.class
AutomationCode/TestCases$34.class
AutomationCode/CommonWeb$30.class
AutomationCode/Meter$41.class
AutomationCode/TestCases$390.class
AutomationCode/Meter$94.class
AutomationCode/TestCases$282.class
AutomationCode/CommonWeb$83.class
AutomationCode/CommonIOS$34.class
AutomationCode/TestCases$269.class
AutomationCode/TestCases$547.class
AutomationCode/TestCases$84.class
AutomationCode/CommonANDROID$22.class
AutomationCode/CommonANDROID$72.class
AutomationCode/TestCases$489.class
AutomationCode/Database$3.class
AutomationCode/TestCases$439.class
AutomationCode/TestCases$340.class
AutomationCode/Database$4.class
AutomationCode/TestCases$108.class
AutomationCode/TestCases$120.class
AutomationCode/TestCases$328.class
AutomationCode/Development$28.class
AutomationCode/HttpConnections$25.class
AutomationCode/TestCases$170.class
AutomationCode/CommonIOS$33.class
AutomationCode/TestCases$281.class
AutomationCode/HttpConnections$24.class
AutomationCode/CommonANDROID$21.class
AutomationCode/TestCases$438.class
AutomationCode/CommonWeb$82.class
AutomationCode/Meter$93.class
AutomationCode/TestCases$33.class
AutomationCode/TestCases$548.class
AutomationCode/TestCases$391.class
AutomationCode/TestCases$85.class
AutomationCode/Development$27.class
AutomationCode/CommonIOS$84.class
AutomationCode/TestCases$219.class
AutomationCode/TestCases$171.class
AutomationCode/CommonWeb$31.class
AutomationCode/Meter$42.class
AutomationCode/CommonIOS$1.class
AutomationCode/HttpConnections$5.class
AutomationCode/TestCases$109.class
